// Jest Snapshot v1, https://goo.gl/fbAQLP

exports[`Pr component Matches the snapshot 1`] = `
<div
  className="profileStatus"
>
  <div>
    <span
      onDoubleClick={[Function]}
    >
      -----
    </span>
  </div>
</div>
`;
